[36m?[39m [1mInput test name pattern (RegExp)[22m ΓÇ║ [1G[J[36m?[39m [1mInput test name pattern (RegExp)[22m ΓÇ║ 
Please input filter pattern[1A[38G[1G[J[36m?[39m [1mInput test name pattern (RegExp)[22m ΓÇ║ Get-Content .\vitest-output.txt | Select-Object -Last 20
Pattern matches no results[2A[94G[1G[J[36m?[39m [1mInput test name pattern (RegExp)[22m ΓÇ║ Get-Content .\vitest-output.txt | Select-Object -Last 20
Pattern matches no results[2A[94G[1G[J[36m?[39m [1mInput test name pattern (RegExp)[22m ΓÇ║ Get-Content .\vitest-output.txt | Select-Object -Last 20
Pattern matches no results[2A[94G[1G[J[36m?[39m [1mInput test name pattern (RegExp)[22m ΓÇ║ Get-Content .\vitest-output.txt | Select-Object -Last 20
Pattern matches no results[2A[94G[1G[J[36m?[39m [1mInput test name pattern (RegExp)[22m ΓÇ║ Get-Content .\vitest-output.txt | Select-Object -Last 20
Pattern matches no results[2A[94G[1G[J[36m?[39m [1mInput test name pattern (RegExp)[22m ΓÇ║ Get-Content .\vitest-output.txt | Select-Object -Last 20
Pattern matches no results[2A[94G[1G[J[36m?[39m [1mInput test name pattern (RegExp)[22m ΓÇ║ Get-Content .\vitest-output.txt | Select-Object -Last 20
Pattern matches no results[2A[94G[1G[J[36m?[39m [1mInput test name pattern (RegExp)[22m ΓÇ║ Get-Content .\vitest-output.txt | Select-Object -Last 20
Pattern matches no results[2A[94G[1G[J[36m?[39m [1mInput test name pattern (RegExp)[22m ΓÇ║ Get-Content .\vitest-output.txt | Select-Object -Last 20
Pattern matches no results[2A[94G[1G[J[36m?[39m [1mInput test name pattern (RegExp)[22m ΓÇ║ Get-Content .\vitest-output.txt | Select-Object -Last 20
Pattern matches no results[2A[94G[1G[J[36m?[39m [1mInput test name pattern (RegExp)[22m ΓÇ║ Get-Content .\vitest-output.txt | Select-Object -Last 20
Pattern matches no results[2A[94G[1G[J[36m?[39m [1mInput test name pattern (RegExp)[22m ΓÇ║ Get-Content .\vitest-output.txt | Select-Object -Last 20
Pattern matches no results[2A[94G[1G[J[36m?[39m [1mInput test name pattern (RegExp)[22m ΓÇ║ Get-Content .\vitest-output.txt | Select-Object -Last 20
Pattern matches no results[2A[94G[1G[J[36m?[39m [1mInput test name pattern (RegExp)[22m ΓÇ║ Get-Content .\vitest-output.txt | Select-Object -Last 20
Pattern matches no results[2A[94G[1G[J[36m?[39m [1mInput test name pattern (RegExp)[22m ΓÇ║ Get-Content .\vitest-output.txt | Select-Object -Last 20
Pattern matches no results[2A[94G[1G[J[36m?[39m [1mInput test name pattern (RegExp)[22m ΓÇ║ Get-Content .\vitest-output.txt | Select-Object -Last 20
Pattern matches no results[2A[94G[1G[J[36m?[39m [1mInput test name pattern (RegExp)[22m ΓÇ║ Get-Content .\vitest-output.txt | Select-Object -Last 20
Pattern matches no results[2A[94G[1G[J[36m?[39m [1mInput test name pattern (RegExp)[22m ΓÇ║ Get-Content .\vitest-output.txt | Select-Object -Last 20
Pattern matches no results[2A[94G[1G[J[36m?[39m [1mInput test name pattern (RegExp)[22m ΓÇ║ Get-Content .\vitest-output.txt | Select-Object -Last 20
Pattern matches no results[2A[94G[1G[J[36m?[39m [1mInput test name pattern (RegExp)[22m ΓÇ║ Get-Content .\vitest-output.txt | Select-Object -Last 20
Pattern matches no results[2A[94G[1G[J[36m?[39m [1mInput test name pattern (RegExp)[22m ΓÇ║ Get-Content .\vitest-output.txt | Select-Object -Last 20
Pattern matches no results[2A[94G[1G[J[36m?[39m [1mInput test name pattern (RegExp)[22m ΓÇ║ Get-Content .\vitest-output.txt | Select-Object -Last 20
Pattern matches no results[2A[94G[1G[J[36m?[39m [1mInput test name pattern (RegExp)[22m ΓÇ║ Get-Content .\vitest-output.txt | Select-Object -Last 20
Pattern matches no results[2A[94G[1G[J[36m?[39m [1mInput test name pattern (RegExp)[22m ΓÇ║ Get-Content .\vitest-output.txt | Select-Object -Last 20
Pattern matches no results[2A[94G[1G[J[36m?[39m [1mInput test name pattern (RegExp)[22m ΓÇ║ Get-Content .\vitest-output.txt | Select-Object -Last 20
Pattern matches no results[2A[94G[1G[J[36m?[39m [1mInput test name pattern (RegExp)[22m ΓÇ║ Get-Content .\vitest-output.txt | Select-Object -Last 20
Pattern matches no results[2A[94G[1G[J[36m?[39m [1mInput test name pattern (RegExp)[22m ΓÇ║ Get-Content .\vitest-output.txt | Select-Object -Last 20
Pattern matches no results[2A[94G[1G[J[36m?[39m [1mInput test name pattern (RegExp)[22m ΓÇ║ Get-Content .\vitest-output.txt | Select-Object -Last 20
Pattern matches no results[2A[94G[1G[J[36m?[39m [1mInput test name pattern (RegExp)[22m ΓÇ║ Get-Content .\vitest-output.txt | Select-Object -Last 20
Pattern matches no results[2A[94G[1G[J[36m?[39m [1mInput test name pattern (RegExp)[22m ΓÇ║ Get-Content .\vitest-output.txt | Select-Object -Last 20
Pattern matches no results[2A[94G[1G[J[36m?[39m [1mInput test name pattern (RegExp)[22m ΓÇ║ Get-Content .\vitest-output.txt | Select-Object -Last 20
Pattern matches no results[2A[94G[1G[J[36m?[39m [1mInput test name pattern (RegExp)[22m ΓÇ║ Get-Content .\vitest-output.txt | Select-Object -Last 20
Pattern matches no results[2A[94G[1G[J[36m?[39m [1mInput test name pattern (RegExp)[22m ΓÇ║ Get-Content .\vitest-output.txt | Select-Object -Last 20
Pattern matches no results[2A[94G[1G[J[36m?[39m [1mInput test name pattern (RegExp)[22m ΓÇ║ Get-Content .\vitest-output.txt | Select-Object -Last 20
Pattern matches no results[2A[94G[1G[J[36m?[39m [1mInput test name pattern (RegExp)[22m ΓÇ║ Get-Content .\vitest-output.txt | Select-Object -Last 20
Pattern matches no results[2A[94G[1G[J[36m?[39m [1mInput test name pattern (RegExp)[22m ΓÇ║ Get-Content .\vitest-output.txt | Select-Object -Last 20
Pattern matches no results[2A[94G[1G[J[36m?[39m [1mInput test name pattern (RegExp)[22m ΓÇ║ Get-Content .\vitest-output.txt | Select-Object -Last 20
Pattern matches no results[2A[94G[1G[J[36m?[39m [1mInput test name pattern (RegExp)[22m ΓÇ║ Get-Content .\vitest-output.txt | Select-Object -Last 20
Pattern matches no results[2A[94G[1G[J[36m?[39m [1mInput test name pattern (RegExp)[22m ΓÇ║ Get-Content .\vitest-output.txt | Select-Object -Last 20
Pattern matches no results[2A[94G[1G[J[36m?[39m [1mInput test name pattern (RegExp)[22m ΓÇ║ Get-Content .\vitest-output.txt | Select-Object -Last 20
Pattern matches no results[2A[94G[1G[J[36m?[39m [1mInput test name pattern (RegExp)[22m ΓÇ║ Get-Content .\vitest-output.txt | Select-Object -Last 20
Pattern matches no results[2A[94G[1G[J[36m?[39m [1mInput test name pattern (RegExp)[22m ΓÇ║ Get-Content .\vitest-output.txt | Select-Object -Last 20
Pattern matches no results[2A[94G[1G[J[36m?[39m [1mInput test name pattern (RegExp)[22m ΓÇ║ Get-Content .\vitest-output.txt | Select-Object -Last 20
Pattern matches no results[2A[94G[1G[J[36m?[39m [1mInput test name pattern (RegExp)[22m ΓÇ║ Get-Content .\vitest-output.txt | Select-Object -Last 20
Pattern matches no results[2A[94G[1G[J[36m?[39m [1mInput test name pattern (RegExp)[22m ΓÇ║ Get-Content .\vitest-output.txt | Select-Object -Last 20
Pattern matches no results[2A[94G[1G[J[36m?[39m [1mInput test name pattern (RegExp)[22m ΓÇ║ Get-Content .\vitest-output.txt | Select-Object -Last 20
Pattern matches no results[2A[94G[1G[J[36m?[39m [1mInput test name pattern (RegExp)[22m ΓÇ║ Get-Content .\vitest-output.txt | Select-Object -Last 20
Pattern matches no results[2A[94G[1G[J[36m?[39m [1mInput test name pattern (RegExp)[22m ΓÇ║ Get-Content .\vitest-output.txt | Select-Object -Last 20
Pattern matches no results[2A[94G[1G[J[36m?[39m [1mInput test name pattern (RegExp)[22m ΓÇ║ Get-Content .\vitest-output.txt | Select-Object -Last 20
Pattern matches no results[2A[94G[1G[J[36m?[39m [1mInput test name pattern (RegExp)[22m ΓÇ║ Get-Content .\vitest-output.txt | Select-Object -Last 20
Pattern matches no results[2A[94G[1G[J[36m?[39m [1mInput test name pattern (RegExp)[22m ΓÇ║ Get-Content .\vitest-output.txt | Select-Object -Last 20
Pattern matches no results[2A[94G[1G[J[36m?[39m [1mInput test name pattern (RegExp)[22m ΓÇ║ Get-Content .\vitest-output.txt | Select-Object -Last 20
Pattern matches no results[2A[94G[1G[J[36m?[39m [1mInput test name pattern (RegExp)[22m ΓÇ║ Get-Content .\vitest-output.txt | Select-Object -Last 20
Pattern matches no results[2A[94G[1G[J[36m?[39m [1mInput test name pattern (RegExp)[22m ΓÇ║ Get-Content .\vitest-output.txt | Select-Object -Last 20
Pattern matches no results[2A[94G[1G[J[36m?[39m [1mInput test name pattern (RegExp)[22m ΓÇ║ Get-Content .\vitest-output.txt | Select-Object -Last 20
Pattern matches no results[2A[94G[1G[J[36m?[39m [1mInput test name pattern (RegExp)[22m ΓÇ║ Get-Content .\vitest-output.txt | Select-Object -Last 20
Pattern matches no results[2A[94G[1G[J[36m?[39m [1mInput test name pattern (RegExp)[22m ΓÇ║ Get-Content .\vitest-output.txt | Select-Object -Last 20
Pattern matches no results[2A[94G[1G[J[36m?[39m [1mInput test name pattern (RegExp)[22m ΓÇ║ Get-Content .\vitest-output.txt | Select-Object -Last 20
Pattern matches no results[2A[94G[1G[J[36m?[39m [1mInput test name pattern (RegExp)[22m ΓÇ║ Get-Content .\vitest-output.txt | Select-Object -Last 20
Pattern matches no results[2A[94G[1G[J[36m?[39m [1mInput test name pattern (RegExp)[22m ΓÇ║ Get-Content .\vitest-output.txt | Select-Object -Last 20
Pattern matches no results[2A[94G[1G[J[36m?[39m [1mInput test name pattern (RegExp)[22m ΓÇ║ Get-Content .\vitest-output.txt | Select-Object -Last 20
Pattern matches no results[2A[94G[1G[J[36m?[39m [1mInput test name pattern (RegExp)[22m ΓÇ║ Get-Content .\vitest-output.txt | Select-Object -Last 20
Pattern matches no results[2A[94G[1G[J[36m?[39m [1mInput test name pattern (RegExp)[22m ΓÇ║ Get-Content .\vitest-output.txt | Select-Object -Last 20
Pattern matches no results[2A[94G[1G[J[36m?[39m [1mInput test name pattern (RegExp)[22m ΓÇ║ Get-Content .\vitest-output.txt | Select-Object -Last 20
Pattern matches no results[2A[94G[1G[J[36m?[39m [1mInput test name pattern (RegExp)[22m ΓÇ║ Get-Content .\vitest-output.txt | Select-Object -Last 20
Pattern matches no results[2A[94G[1G[J[36m?[39m [1mInput test name pattern (RegExp)[22m ΓÇ║ Get-Content .\vitest-output.txt | Select-Object -Last 20
Pattern matches no results[2A[94G[1G[J[36m?[39m [1mInput test name pattern (RegExp)[22m ΓÇ║ Get-Content .\vitest-output.txt | Select-Object -Last 20
Pattern matches no results[2A[94G[1G[J[36m?[39m [1mInput test name pattern (RegExp)[22m ΓÇ║ Get-Content .\vitest-output.txt | Select-Object -Last 20
Pattern matches no results[2A[94G[1G[J[36m?[39m [1mInput test name pattern (RegExp)[22m ΓÇ║ Get-Content .\vitest-output.txt | Select-Object -Last 20
Pattern matches no results[2A[94G[1G[J[36m?[39m [1mInput test name pattern (RegExp)[22m ΓÇ║ Get-Content .\vitest-output.txt | Select-Object -Last 20
Pattern matches no results[2A[94G[1G[J[36m?[39m [1mInput test name pattern (RegExp)[22m ΓÇ║ Get-Content .\vitest-output.txt | Select-Object -Last 20
Pattern matches no results[2A[94G[1G[J[36m?[39m [1mInput test name pattern (RegExp)[22m ΓÇ║ Get-Content .\vitest-output.txt | Select-Object -Last 20
Pattern matches no results[2A[94G[1G[J[36m?[39m [1mInput test name pattern (RegExp)[22m ΓÇ║ Get-Content .\vitest-output.txt | Select-Object -Last 20
Pattern matches no results[2A[94G[1G[J[36m?[39m [1mInput test name pattern (RegExp)[22m ΓÇ║ Get-Content .\vitest-output.txt | Select-Object -Last 20
Pattern matches no results[2A[94G[1G[J[36m?[39m [1mInput test name pattern (RegExp)[22m ΓÇ║ Get-Content .\vitest-output.txt | Select-Object -Last 20
Pattern matches no results[2A[94G[1G[J[36m?[39m [1mInput test name pattern (RegExp)[22m ΓÇ║ Get-Content .\vitest-output.txt | Select-Object -Last 20
Pattern matches no results[2A[94G[1G[J[36m?[39m [1mInput test name pattern (RegExp)[22m ΓÇ║ Get-Content .\vitest-output.txt | Select-Object -Last 20
Pattern matches no results[2A[94G[1G[J[36m?[39m [1mInput test name pattern (RegExp)[22m ΓÇ║ Get-Content .\vitest-output.txt | Select-Object -Last 20
Pattern matches no results[2A[94G[1G[J[36m?[39m [1mInput test name pattern (RegExp)[22m ΓÇ║ Get-Content .\vitest-output.txt | Select-Object -Last 20
Pattern matches no results[2A[94G[1G[J[36m?[39m [1mInput test name pattern (RegExp)[22m ΓÇ║ Get-Content .\vitest-output.txt | Select-Object -Last 20
Pattern matches no results[2A[94G[1G[J[36m?[39m [1mInput test name pattern (RegExp)[22m ΓÇ║ Get-Content .\vitest-output.txt | Select-Object -Last 20
Pattern matches no results[2A[94G[1G[J[36m?[39m [1mInput test name pattern (RegExp)[22m ΓÇ║ Get-Content .\vitest-output.txt | Select-Object -Last 20
Pattern matches no results[2A[94G[1G[J[36m?[39m [1mInput test name pattern (RegExp)[22m ΓÇ║ Get-Content .\vitest-output.txt | Select-Object -Last 20
Pattern matches no results[2A[94G
